{
  "mismatch": {
    "effects": {
      "messageVersion": "v1",
      "status": {
        "status": "failure",
        "error": "MoveAbort(MoveLocation { module: ModuleId { address: d899cf7d2b5db716bd2cf55599fb0d5ee38a3061e7b6bb6eebf73fa5bc4c81ca, name: Identifier(\"storage\") }, function: 1, instruction: 8, function_name: Some(\"version_verification\") }, 43000) in command 0"
      },
      "executedEpoch": "878",
      "gasUsed": {
        "computationCost": "500000",
        "storageCost": "4924800",
        "storageRebate": "3897432",
        "nonRefundableStorageFee": "39368"
      },
      "modifiedAtVersions": [
        {
          "objectId": "0x96df0fce3c471489f4debaaa762cf960b3d97820bd1f3f025ff8190730e958c5",
          "sequenceNumber": "632457114"
        },
        {
          "objectId": "0x979f41200455d212bc7ea4c989a512ebeecde6de8a15f11a7cb9f3dcab10548d",
          "sequenceNumber": "1"
        },
        {
          "objectId": "0xbb4e2f4b6205c2e2a2db47aeb4f830796ec7c005f88537ee775986639bc442fe",
          "sequenceNumber": "632457114"
        }
      ],
      "sharedObjects": [
        {
          "objectId": "0x96df0fce3c471489f4debaaa762cf960b3d97820bd1f3f025ff8190730e958c5",
          "version": 632457114,
          "digest": "8KXVESrxnigSSTD5Uk5Kh2f17oGHduQzL5obt38YidqG"
        },
        {
          "objectId": "0xbb4e2f4b6205c2e2a2db47aeb4f830796ec7c005f88537ee775986639bc442fe",
          "version": 632457114,
          "digest": "HjgASmN1mk8ctnf7kMSpxiY1txJH9rP2rEipxghMqFDP"
        },
        {
          "objectId": "0x0000000000000000000000000000000000000000000000000000000000000006",
          "version": 537822397,
          "digest": "EaDrnjtkseXiRx13cRzQCmYkTEeTh3YLenxxni2TNAgq"
        },
        {
          "objectId": "0x1568865ed9a0b5ec414220e8f79b3d04c77acc82358f6e5ae4635687392ffbef",
          "version": 632457114,
          "digest": "GoniGicm4RphFwiPnJ5TFiz2BGDotyuTWaEvHE2NLEya"
        }
      ],
      "transactionDigest": "ALD3SzzLdaPBTrZH142jPCQVNgaf5U8Ay5294X8mBXCj",
      "mutated": [
        {
          "owner": {
            "Shared": {
              "initial_shared_version": 8202845
            }
          },
          "reference": {
            "objectId": "0x96df0fce3c471489f4debaaa762cf960b3d97820bd1f3f025ff8190730e958c5",
            "version": 632457115,
            "digest": "EVKzTZjtpLg5v8pmDduMqHqGUKjkDfsGEeggFinLwMzZ"
          }
        },
        {
          "owner": {
            "AddressOwner": "0x440b63f667b85a3f3555868ffafe0d4682ab063dc25209035356ab89047ff431"
          },
          "reference": {
            "objectId": "0x979f41200455d212bc7ea4c989a512ebeecde6de8a15f11a7cb9f3dcab10548d",
            "version": 632457115,
            "digest": "D7SnPW1xXxUdHC5Ce6a9mW5kunGfmP4T7VDxttb1biDk"
          }
        },
        {
          "owner": {
            "Shared": {
              "initial_shared_version": 8202844
            }
          },
          "reference": {
            "objectId": "0xbb4e2f4b6205c2e2a2db47aeb4f830796ec7c005f88537ee775986639bc442fe",
            "version": 632457115,
            "digest": "8UdRFmWQk67jTrfm9kXiLotk33aFUpNPfuYZX7S5KNo4"
          }
        }
      ],
      "gasObject": {
        "owner": {
          "AddressOwner": "0x440b63f667b85a3f3555868ffafe0d4682ab063dc25209035356ab89047ff431"
        },
        "reference": {
          "objectId": "0x979f41200455d212bc7ea4c989a512ebeecde6de8a15f11a7cb9f3dcab10548d",
          "version": 632457115,
          "digest": "D7SnPW1xXxUdHC5Ce6a9mW5kunGfmP4T7VDxttb1biDk"
        }
      },
      "dependencies": [
        "53Va5YTkjtGd9UL9ihgGdvngNsqff4V42cLLByS96pMo",
        "AMWgVPNxYfYcPMRYQDoBo11maQUBbELaxSUaM79q1FLE",
        "EqasUKGGE4hwW5DCKJnSUWe6GfA9JxfPM8ZRtsLUHx8c",
        "GtS7LtTw7SU3ppRAUc3V8tz3SyKxC4VnD9prqJ8LVHAm"
      ],
      "abortError": {
        "module_id": "0xd899cf7d2b5db716bd2cf55599fb0d5ee38a3061e7b6bb6eebf73fa5bc4c81ca::storage",
        "function": "version_verification",
        "error_code": 43000
      }
    },
    "events": [],
    "error": "ExecutionError: ExecutionError { inner: ExecutionErrorInner { kind: MoveAbort(MoveLocation { module: ModuleId { address: d899cf7d2b5db716bd2cf55599fb0d5ee38a3061e7b6bb6eebf73fa5bc4c81ca, name: Identifier(\"storage\") }, function: 1, instruction: 8, function_name: Some(\"version_verification\") }, 43000), source: Some(VMError { major_status: ABORTED, sub_status: Some(43000), message: Some(\"0xd899cf7d2b5db716bd2cf55599fb0d5ee38a3061e7b6bb6eebf73fa5bc4c81ca::storage::version_verification at offset 8\"), exec_state: None, location: Module(ModuleId { address: d899cf7d2b5db716bd2cf55599fb0d5ee38a3061e7b6bb6eebf73fa5bc4c81ca, name: Identifier(\"storage\") }), indices: [], offsets: [(FunctionDefinitionIndex(1), 8)] }), command: Some(0) } }"
  },
  "match": {
    "effects": {
      "messageVersion": "v1",
      "status": {
        "status": "failure",
        "error": "MoveAbort(MoveLocation { module: ModuleId { address: d899cf7d2b5db716bd2cf55599fb0d5ee38a3061e7b6bb6eebf73fa5bc4c81ca, name: Identifier(\"storage\") }, function: 1, instruction: 8, function_name: Some(\"version_verification\") }, 43000) in command 0"
      },
      "executedEpoch": "878",
      "gasUsed": {
        "computationCost": "500000",
        "storageCost": "4924800",
        "storageRebate": "3897432",
        "nonRefundableStorageFee": "39368"
      },
      "modifiedAtVersions": [
        {
          "objectId": "0x40f5d23dd313f61dfb754023930588cc6cbfae2f66a037d5000a0187c36de227",
          "sequenceNumber": "1"
        },
        {
          "objectId": "0x96df0fce3c471489f4debaaa762cf960b3d97820bd1f3f025ff8190730e958c5",
          "sequenceNumber": "632457114"
        },
        {
          "objectId": "0xbb4e2f4b6205c2e2a2db47aeb4f830796ec7c005f88537ee775986639bc442fe",
          "sequenceNumber": "632457114"
        }
      ],
      "sharedObjects": [
        {
          "objectId": "0x96df0fce3c471489f4debaaa762cf960b3d97820bd1f3f025ff8190730e958c5",
          "version": 632457114,
          "digest": "8KXVESrxnigSSTD5Uk5Kh2f17oGHduQzL5obt38YidqG"
        },
        {
          "objectId": "0xbb4e2f4b6205c2e2a2db47aeb4f830796ec7c005f88537ee775986639bc442fe",
          "version": 632457114,
          "digest": "HjgASmN1mk8ctnf7kMSpxiY1txJH9rP2rEipxghMqFDP"
        },
        {
          "objectId": "0x0000000000000000000000000000000000000000000000000000000000000006",
          "version": 537822404,
          "digest": "vJbxe1jj4iMUEUfH9owV1L7LSPFvbb5DMTXSFtwW4Gx"
        },
        {
          "objectId": "0x1568865ed9a0b5ec414220e8f79b3d04c77acc82358f6e5ae4635687392ffbef",
          "version": 632457114,
          "digest": "GoniGicm4RphFwiPnJ5TFiz2BGDotyuTWaEvHE2NLEya"
        }
      ],
      "transactionDigest": "6qE8o33Hhm3hU8og6caJ6a4Z8o4EvJNzsxbqgB6oNUc3",
      "mutated": [
        {
          "owner": {
            "AddressOwner": "0x440b63f667b85a3f3555868ffafe0d4682ab063dc25209035356ab89047ff431"
          },
          "reference": {
            "objectId": "0x40f5d23dd313f61dfb754023930588cc6cbfae2f66a037d5000a0187c36de227",
            "version": 632457115,
            "digest": "7RYZ9ZJmRnggz5uYgZkKhbM7ughZ8Kdp2Z228zXBwsxY"
          }
        },
        {
          "owner": {
            "Shared": {
              "initial_shared_version": 8202845
            }
          },
          "reference": {
            "objectId": "0x96df0fce3c471489f4debaaa762cf960b3d97820bd1f3f025ff8190730e958c5",
            "version": 632457115,
            "digest": "QtEy28Dks9BcZbiNyb14dSNMWvctrN6i4VbPvmM9rLA"
          }
        },
        {
          "owner": {
            "Shared": {
              "initial_shared_version": 8202844
            }
          },
          "reference": {
            "objectId": "0xbb4e2f4b6205c2e2a2db47aeb4f830796ec7c005f88537ee775986639bc442fe",
            "version": 632457115,
            "digest": "EUbrSMXswQHaPo4eJDAfFKvCSuVnFPxRG6GuKuqjc59Q"
          }
        }
      ],
      "gasObject": {
        "owner": {
          "AddressOwner": "0x440b63f667b85a3f3555868ffafe0d4682ab063dc25209035356ab89047ff431"
        },
        "reference": {
          "objectId": "0x40f5d23dd313f61dfb754023930588cc6cbfae2f66a037d5000a0187c36de227",
          "version": 632457115,
          "digest": "7RYZ9ZJmRnggz5uYgZkKhbM7ughZ8Kdp2Z228zXBwsxY"
        }
      },
      "dependencies": [
        "44u4ykeZzFGZH4C9GTnqu9V5mQHzffWL8uJYRUJv5vMM",
        "53Va5YTkjtGd9UL9ihgGdvngNsqff4V42cLLByS96pMo",
        "EqasUKGGE4hwW5DCKJnSUWe6GfA9JxfPM8ZRtsLUHx8c",
        "GtS7LtTw7SU3ppRAUc3V8tz3SyKxC4VnD9prqJ8LVHAm"
      ],
      "abortError": {
        "module_id": "0xd899cf7d2b5db716bd2cf55599fb0d5ee38a3061e7b6bb6eebf73fa5bc4c81ca::storage",
        "function": "version_verification",
        "error_code": 43000
      }
    },
    "events": [],
    "error": "ExecutionError: ExecutionError { inner: ExecutionErrorInner { kind: MoveAbort(MoveLocation { module: ModuleId { address: d899cf7d2b5db716bd2cf55599fb0d5ee38a3061e7b6bb6eebf73fa5bc4c81ca, name: Identifier(\"storage\") }, function: 1, instruction: 8, function_name: Some(\"version_verification\") }, 43000), source: Some(VMError { major_status: ABORTED, sub_status: Some(43000), message: Some(\"0xd899cf7d2b5db716bd2cf55599fb0d5ee38a3061e7b6bb6eebf73fa5bc4c81ca::storage::version_verification at offset 8\"), exec_state: None, location: Module(ModuleId { address: d899cf7d2b5db716bd2cf55599fb0d5ee38a3061e7b6bb6eebf73fa5bc4c81ca, name: Identifier(\"storage\") }), indices: [], offsets: [(FunctionDefinitionIndex(1), 8)] }), command: Some(0) } }"
  }
}
